# Delimiter

> delimiter
>
> 1. êµ¬íš ë¬¸ì ((ìê¸°(ç£æ°£) í…Œì´í”„ì—ì„œ ë°ì´í„°ì˜ ì‹œì‘[ë]ì„ ë‚˜íƒ€ëƒ„))

MySQLì—ì„œëŠ” ì„¸ë¯¸ì½œë¡ (`;`)ì„ ëª…ë ¹ë¬¸ì˜ êµ¬ë¶„ìë¡œ ì¸ì‹í•˜ê³  ìˆê¸° ë•Œë¬¸ì— delimiterê°€ í•„ìš”í•˜ë‹¤.

Procedureë‚˜ Triggerì™€ ê°™ì€ [Stored Program](http://www.ktword.co.kr/test/view/view.php?m_temp1=5428)ì˜ ê²½ìš° ì„¸ë¯¸ì½œë¡ ìœ¼ë¡œ êµ¬ë¶„ëœ ë‹¤ìˆ˜ì˜ SQLë¬¸ìœ¼ë¡œ êµ¬ì„±ë˜ì–´ ìˆì„ ìˆ˜ ìˆê³ , ì´ëŸ¬í•œ Stored Programì„ ì„œë²„ì— ê·¸ëŒ€ë¡œ ì „ë‹¬í•˜ê²Œ ë˜ë©´ ë¬¸ì œê°€ ë°œìƒí•œë‹¤.

```mysql
CREATE PROCEDURE dorepeat(p1 INT)
BEGIN
  SET @x = 0;
  REPEAT SET @x = @x + 1; UNTIL @x > p1 END REPEAT;
END;
```

ìœ„ì™€ ê°™ì€ stored programì„ ì„œë²„ì— ì „ë‹¬í•œë‹¤ê³  í•˜ë©´ ë‹¤ ì…ë ¥ë„ í•˜ê¸° ì „ì— ì•„ë˜ì™€ ê°™ì´ ë¬¸ë²• ì˜¤ë¥˜ê°€ ë°œìƒí•œë‹¤.

```mysql
mysql> CREATE PROCEDURE dorepeat(p1 INT)
    -> BEGIN
    ->  SET @x = 0;
ERROR 1064 (42000): You have an error in your SQL syntax; check the manual that corresponds to your MySQL server version for the right syntax to use near '' at line 3
```

ì´ëŸ¬í•œ ë¬¸ì œë¥¼ í•´ê²°í•˜ê¸° ìœ„í•´ì„œ delimiterë¥¼ ì‚¬ìš©í•´ì„œ default êµ¬ë¶„ìì¸ `;`ë¥¼ ì¼ì‹œì ìœ¼ë¡œ ë‹¤ë¥¸ ë¬¸ìë¡œ ì¬ì •ì˜í•˜ëŠ” ì‘ì—…ì´ í•„ìš”í•˜ë‹¤.

```mysql
mysql> delimiter //
mysql> CREATE PROCEDURE dorepeat(p1 INT)
    -> BEGIN
    ->  SET @x = 0;
    ->  REPEAT SET @x = @x + 1; UNTIL @x > p1 END REPEAT;
    -> END
    -> //
Query OK, 0 rows affected (0.07 sec)

mysql> delimiter ;
mysql> CALL dorepeat(1000);
Query OK, 0 rows affected (0.02 sec)

mysql> SELECT @x;
+------+
| @x   |
+------+
| 1001 |
+------+
1 row in set (0.00 sec)
```

ìœ„ì˜ ì˜ˆì‹œëŠ” êµ¬ë¶„ìë¥¼ `//`ë¡œ ë°”ê¾¼ ë’¤ ì „ì²´ stored programì„ ë‹¨ì¼ ëª…ë ¹ë¬¸ìœ¼ë¡œ ì„œë²„ì— ì „ë‹¬í•œë‹¤.

ê·¸ ë’¤, í”„ë¡œì‹œì €ë¥¼ í˜¸ì¶œí•˜ê¸° ì „ì— êµ¬ë¶„ìë¥¼ ë‹¤ì‹œ `;`ë¡œ ì •ì˜í•œë‹¤(ë§Œì•½ êµ¬ë¶„ìë¥¼ ê³„ì† `//`ë¡œ ì‚¬ìš©í•˜ê³  ì‹¶ë‹¤ë©´ ì¬ì •ì˜í•˜ì§€ ì•Šì•„ë„ ìƒê´€ì—†ë‹¤^^).

DELIMITERëŠ” ì–´ë– í•œ ë¬¸ìë¡œë„ ì •ì˜í•  ìˆ˜ ìˆê³  ë‹¨ì¼ ë¬¸ì ë˜ëŠ” ì—¬ëŸ¬ ë¬¸ìë¡œ ì •ì˜í•  ìˆ˜ë„ ìˆë‹¤.

ë‹¤ë§Œ, `\`(ë°±ìŠ¬ë˜ì‹œ)ëŠ” MySQLì—ì„œ ì´ìŠ¤ì¼€ì´í”„ ë¬¸ìë¡œ ì‚¬ìš©ë˜ê¸° ë•Œë¬¸ì— í•´ë‹¹ ë¬¸ìëŠ” ì‚¬ìš©ì„ í”¼í•´ì•¼ í•œë‹¤.

>ğŸ’¡ ëª¨ë“  Stored Programì´ ì„œë²„ì— ì „ë‹¬ë  ë•Œ delimiterë¥¼ ì‚¬ìš©í•  í•„ìš”ëŠ” ì—†ë‹¤.\
> ë§Œì•½, ë‚´ë¶€ì— `;`êµ¬ë¶„ìê°€ ì—†ê³  Stored Program ëì— `;`ê°€ í•˜ë‚˜ë§Œ ìˆë‹¤ë©´ ì‚¬ìš©í•  í•„ìš”ê°€ ì—†ë‹¤.

<br/>
<br/>

### Ref.

[MySQL Documentation - Defining Stored Program](https://dev.mysql.com/doc/refman/8.0/en/stored-programs-defining.html)